# Sundered Isles — full board 76x52 (generated; mirror: none).
# WC3-style island archipelago: corner mains, edge gold, central creep
# spine; sealed top (forest wall) forces a route through the centre.
# Regenerate: python3 tools/mapgen/sources/gen_archipelago.py > tools/mapgen/sources/sundered-isles.map
name: Sundered Isles
tile: 64
mirror: none
gold_amount: 3000
map:
~~~~~~~~~~~~~~~~~~~~~~~~~~~~~~~~~~~~~~~~~~~~~~~~~~~~~~~~~~~~~~~~~~~~~~~~~~~~
~~~~~~~~~~~~~~~~~~~~~~~~~~~~~~~~~~~~~~~~~~~~~~~~~~~~~~~~~~~~~~~~~~~~~~~~~~~~
~~~~~~~~~~~~~~~~~~~~~~~~~~~~~~~~~~~~~~~~~~~~~~~~~~~~~~~~~~~~~~~~~~~~~~~~~~~~
~~~~~~~~~~~~~~~~~~~~~~~~~~~~~~~~~~~~~~~~~~~~~~~~~~~~~~~~~~~~~~~~~~~~~~~~~~~~
~~~~~~~~~~~~~T...TT.TT~~~~~~~~~~~TTTTTTTT~~~~~~~~~~~~~~TTTTTT.~~~~~~~~~~~~~~
~~~~~~~....TTT.......TTT.~~~~~TTTTTTTTTTTTTTTT~~~~~TTTTT.....TTTT....~~~~~~~
~~~~~~..$...............TT~~TTTTTTTTTTTTTTTTTTT~~T.T...............$.~~~~~~~
~~~~~T...................TTTTTTTTTTTTTTTTTTTTTTTTT....................~~~~~~
~~~~TT....................TTTTTTTTTTTTTTTTTTTTTTTT....................T~~~~~
~~~.T.....................TTTTTTTTTTTTTTTTTTTTTTTT....................T~~~~~
~~~T......................TTTTTTTTTTTTTTTTTTTTTTTT...............TT...TT~~~~
~~~T............P..........TTTTTTTTTTTTTTTTTTTTTT..........E.....TT....T~~~~
~~~TT......................TT~TTTTTTTTTTTTTTTTTT.................TT...TT~~~~
~~~~TT....................T.~~~~~TTTTTTTT~~~~~~T................TTTT..T~~~~~
~~~~~TT..................TT~~~~~~~~~~~~~~~~~~~~~TT..............TTTTTT~~~~~~
~~~~~~TTTT...............T~~~~~~~~~~~~~~~~~~~~~~~T..............TTTTT~~~~~~~
~~~~~~~~~TT.......TT.....::~~~~~~~~~~~~~~~~~~~~~~::..............TT~~~~~~~~~
~~~~~~~~~~:::...TTT~T.::::::~~~~~~~~~~~~~~~~~~~~::::::.TTTTTT....:~~~~~~~~~~
~~~~~~~~~~::::~~~~~~~~~::::::~~~~~~~~~~~~~~~~~~::::::~~~~~~~~~::::~~~~~~~~~~
~~~~T.T~~:::::~~~~~~~~~~:::::::~~~~~~~~~~~~~~:::::::~~~~~~~~~~:::::T.TT~~~~~
~~~TT.TTT::::~~~~~~~~~~~~~::::::~~~~~~~~~~~~::::::~~~~~~~~~~~~~::.....TT~~~~
~~TT......:::~~~~~~~~~~~~~~:::::::TTTTTTTT:::::::~~~~~~~~~~~~~~:.......TT~~~
~~T........:~~~~~~~~~~~~~~~~:::....TTTTTT....:::~~~~~~~~~~~~~~~~........TT~~
~~T........~~~~~~~~~~~~~~~~~~T......TTTT......T~~~~~~~~~~~~~~~~TT.........~~
~~T.........~~~~~~~~~~~~~~~~TT................T.~~~~~~~~~~~~~~~T.........T~~
~~T.........~~~~~~~~~~~~~~~~T..................TT~~~~~~~~~~~~~~T.........T~~
~~.........T~~~~~~~~~~~~~~~TT...................T~~~~~~~~~~~~~~T..........~~
~~..$.......~~~~~~~~~~~~~~~TT.........o........TT~~~~~~~~~~~~~~T.......$..~~
~~.........T~~~~~~~~~~~~~~~~T..................T~~~~~~~~~~~~~~~T..........~~
~~T........T~~~~~~~~~~~~~~~~T.................T.~~~~~~~~~~~~~~~TT........T~~
~~T........~~~~~~~~~~~~~~~~~~T................T~~~~~~~~~~~~~~~~~T........T~~
~~T........:~~~~~~~~~~~~~~~~~:................:~~~~~~~~~~~~~~~~~........TT~~
~~T.......:::~~~~~~~~~~~~~~~::::::.TT...~:::::::~~~~~~~~~~~~~~~::......TT~~~
~~~TTT...:::::~~~~~~~~~~~~:::::::~~~~:::~~~:::::::~~~~~~~~~~~~:::..T.T.T~~~~
~~~~~TTT~~::..TTTTTTT~~~::::::::~~~~~:::~~~~::::::::~~TT..TTTT..::~.TT~~~~~~
~~~~~~~~T......TTTTTTTT..:::::~~~~~~~:::~~~~~~:::::..TTT..........~~~~~~~~~~
~~~~~~~TT.......TTTT.......:~~~~~~~~~:::~~~~~~~~.......TT........TT~~~~~~~~~
~~~~~~TT.........TT........T~~~~TTTTT...TTTT~~~TT.......T.........TTT~~~~~~~
~~~~~............T.........TT~TTTTTTT.......TTTT.....................T~~~~~~
~~~~T........................TTTTTTTT................................TT~~~~~
~~~~T..........................TTTTT..................................T~~~~~
~~~~T.................................................................T~~~~~
~~~~T.................................o..............................TT~~~~~
~~~~TT.....$.....................................TTTTTTTT.......$...TT~~~~~~
~~~~~TT....................TTT...........TTTTTTTTTTTTTTT...........TT~~~~~~~
~~~~~~TTTT...T..........TTTT~~TTTTT.....TTTTTT~~TTTTTTT...........TT~~~~~~~~
~~~~~~~~TTTTTT.......TTT.~~~~~~~~~TTTTT.T.~~~~~~~TTTTT.......TT.TT~~~~~~~~~~
~~~~~~~~~~~T.TTT.T.TTT~~~~~~~~~~~~~~~~~~~~~~~~~~~~~~~TTTTTTTTT~~~~~~~~~~~~~~
~~~~~~~~~~~~~~~~~~~~~~~~~~~~~~~~~~~~~~~~~~~~~~~~~~~~~~~~~~~~~~~~~~~~~~~~~~~~
~~~~~~~~~~~~~~~~~~~~~~~~~~~~~~~~~~~~~~~~~~~~~~~~~~~~~~~~~~~~~~~~~~~~~~~~~~~~
~~~~~~~~~~~~~~~~~~~~~~~~~~~~~~~~~~~~~~~~~~~~~~~~~~~~~~~~~~~~~~~~~~~~~~~~~~~~
~~~~~~~~~~~~~~~~~~~~~~~~~~~~~~~~~~~~~~~~~~~~~~~~~~~~~~~~~~~~~~~~~~~~~~~~~~~~
