# Sundered Isles — full board 76x52 (generated; mirror: none).
# WC3-style island archipelago: corner mains, edge gold, centre creep spine.
# Regenerate: python3 tools/mapgen/sources/gen_archipelago.py > tools/mapgen/sources/sundered-isles.map
name: Sundered Isles
tile: 64
mirror: none
gold_amount: 3000
map:
~~~~~~~~~~~~~~~~~~~~~~~~~~~~~~~~~~~~~~~~~~~~~~~~~~~~~~~~~~~~~~~~~~~~~~~~~~~~
~~~~~~~~~~~~~~~~~~~~~~~~~~~~~~~~~~~~~~~~~~~~~~~~~~~~~~~~~~~~~~~~~~~~~~~~~~~~
~~~~~~~~~~~~~~~~~~~~~~~~~~~~~~~~~~~~~~~~~~~~~~~~~~~~~~~~~~~~~~~~~~~~~~~~~~~~
~~~~~~~~~~~~~~~~~~~~~~~~~~~~~~~~~~~~~~~~~~~~~~~~~~~~~~~~~~~~~~~~~~~~~~~~~~~~
~~~~~~~~~~~~~.........~~~~~~~~~~~TTTTTTT.~~~~~~~~~~~~~~.....T.~~~~~~~~~~~~~~
~~~~~~~..............T..T~~~~~TTTTTTTTTTT.....~~~~~.................~~~~~~~~
~~~~~~..$..............TTT~~TTTTTTT............~~..................$.~~~~~~~
~~~~~..................TTTTTTTTTTTT...................................~~~~~~
~~~~......................TTTTTTTTT....................................~~~~~
~~~T..................................o................T.......T.......~~~~~
~~~T......................................T...........TT.......TTTTTT...~~~~
~~~T............P.........................T...........TT...E...TTTTTT...~~~~
~~~T..................................................TT.......TTTTTT...~~~~
~~~~........................~~~~~...TTTTT~~~~~~........T.......TTTTTT..~~~~~
~~~~~......................~~~~~~~~~.TTTT~~~~~~~...............TTTTTT.~~~~~~
~~~~~~..................TTT~~~~~~~~~..T.T~~~~~~~~..............TTTTTT~~~~~~~
~~~~~~~~~............T.TTTTT~~~~~~~~.....~~~~~~~................TTT~~~~~~~~~
~~~~~~~~~..........~.TTTTTTTT~~~~~~~.....~~~~~~.................TTT~~~~~~~~~
~~~~~~~~~......~~~~~~...TTTTTTT~~~~~.T...~~~~T.........~~~~~~...TTT~~~~~~~~~
~~~~...~.......~~~~~~~~..TTTTTTT~~~~TTTTT~~~.........~~~~~~~~..TTTTTT..~~~~~
~~~T..........~~~~~~~~~~.TTTTTTTT.~~TTTTT~......TTTT~~~~~~~~~~TTTTTT....~~~~
~~T...........~~~~~~~~~~~~TTTTTTTTTTTTTTTT......TT~~~~~~~~~~~~TTT........~~~
~~T..........~~~~~~~~~~~~~~TTTTTTTTTTTTTTT......T~~~~~~~~~~~~~~TT........T~~
~~T.........~~~~~~~~~~~~~~~~TTTTTTTTTTTTT.......~~~~~~~~~~~~~~~TT........T~~
~~..........~~~~~~~~~~~~~~~~TTTTTTT.............~~~~~~~~~~~~~~~T..........~~
~~..........~~~~~~~~~~~~~~~~..TTTTT.............T~~~~~~~~~~~~~~TT.........~~
~~..........~~~~~~~~~~~~~~~.....................T~~~~~~~~~~~~~~T..........~~
~~..$.......~~~~~~~~~~~~~~~...........o..........~~~~~~~~~~~~~~T.......$..~~
~~..........~~~~~~~~~~~~~~~~....................~~~~~~~~~~~~~~~T..........~~
~~..........~~~~~~~~~~~~~~~~....................~~~~~~~~~~~~~~~...........~~
~~..........~~~~~~~~~~~~~~~~~..............T...~~~~~~~~~~~~~~~~~..........~~
~~T..........~~~~~~~~~~~~~~~T........TTTTTTTTT..~~~~~~~~~~~~~~~.......TTTT~~
~~T...........~~~~~~~~~~~~TTTT.......TTTTTTTTTT...~~~~~~~~~~~~........TTT~~~
~~~...........T~~~~~~~~~TTTTTT.....~.TTTTTTTTTT.....~~~~~~~~~........TTT~~~~
~~~~~...~.....TTTTTTT~~.TTTTTT...~~~.TTTT~~TTTT......~.T..............~~~~~~
~~~~~~~~......TTTTTTTT.TTTTTTTT.~~~~TTTTT~~~TT........TTT..........~~~~~~~~~
~~~~~~~.......TTTTTTTTTT.TTTT.~~~~~~TTTTT~~~~~.......TTTTT.........~~~~~~~~~
~~~~~~.........TTTTTTTTT....~~~~TTTTTTTTT...~~~......TTTTT...........~~~~~~~
~~~~~...........TTTTTTTTT....~TTTTTTTT..T............TTTTT............~~~~~~
~~~~............TTTTTTTT......TTTTT..................TTTTT.............~~~~~
~~~~............TTT.T.........TTTTT..................TTTTT.............~~~~~
~~~~...........................TTTT.......TTT.......TTTTTT.............~~~~~
~~~~..............................T...o...TTTTTTTTTTTTTTTT...........TT~~~~~
~~~~.......$..............................TTTTTTTTTTTTTTTT......$...TT~~~~~~
~~~~~.....................................TTTTTTTTTTTTTTTT..........T~~~~~~~
~~~~~~......................~~............TTTT~~TTTTTTTTT...........~~~~~~~~
~~~~~~~~.................~~~~~~~~~...TTTTT~~~~~~~TTTTTT...........~~~~~~~~~~
~~~~~~~~~~~TTT........~~~~~~~~~~~~~~~~~~~~~~~~~~~~~~~.......T.~~~~~~~~~~~~~~
~~~~~~~~~~~~~~~~~~~~~~~~~~~~~~~~~~~~~~~~~~~~~~~~~~~~~~~~~~~~~~~~~~~~~~~~~~~~
~~~~~~~~~~~~~~~~~~~~~~~~~~~~~~~~~~~~~~~~~~~~~~~~~~~~~~~~~~~~~~~~~~~~~~~~~~~~
~~~~~~~~~~~~~~~~~~~~~~~~~~~~~~~~~~~~~~~~~~~~~~~~~~~~~~~~~~~~~~~~~~~~~~~~~~~~
~~~~~~~~~~~~~~~~~~~~~~~~~~~~~~~~~~~~~~~~~~~~~~~~~~~~~~~~~~~~~~~~~~~~~~~~~~~~
