# Sundered Isles — full board 76x52 (generated; mirror: none).
# WC3-style island archipelago: corner mains, edge gold, central creep
# spine; sealed top (forest wall) forces a route through the centre.
# Regenerate: python3 tools/mapgen/sources/gen_archipelago.py > tools/mapgen/sources/sundered-isles.map
name: Sundered Isles
tile: 64
mirror: none
gold_amount: 3000
map:
~~~~~~~~~~~~~~~~~~~~~~~~~~~~~~~~~~~~~~~~~~~~~~~~~~~~~~~~~~~~~~~~~~~~~~~~~~~~
~~~~~~~~~~~~~~~~~~~~~~~~~~~~~~~~~~~~~~~~~~~~~~~~~~~~~~~~~~~~~~~~~~~~~~~~~~~~
~~~~~~~~~~~~~~~~~~~~~~~~~~~~~~~~~~~~~~~~~~~~~~~~~~~~~~~~~~~~~~~~~~~~~~~~~~~~
~~~~~~~~~~~~~~~~~~~~~~~~~~~~~~~~~~~~~~~~~~~~~~~~~~~~~~~~~~~~~~~~~~~~~~~~~~~~
~~~~~~~~~~~~~T...TT.TT~~~~~~~~~~~TTTTTTTT~~~~~~~~~~~~~~TTTTTT.~~~~~~~~~~~~~~
~~~~~~~....TTT.......TTT.~~~~~TTTTTTTTTTTTTTTT~~~~~TTTTT.....TTTT....~~~~~~~
~~~~~~..$...............TT~~TTTTTTTTTTTTTTTTTTT~~T.T...............$.~~~~~~~
~~~~~T..............TTTTTTTTTTTTTTTTTTTTTTTTTTTTTTTTTTTT..............~~~~~~
~~~~TT...............TTTTTTTTTTTTTTTTTTTTTTTTTTTTTTTTTT...............T~~~~~
~~~.T................TTTTTTTTTTTTTTTTTTTTTTTTTTTTTTTTTT...............T~~~~~
~~~T..................TTTTTTTTTTTTTTTTTTTTTTTTTTTTTTTT...........TT...TT~~~~
~~~T............P.....TTTTTTTTTTTTTTTTTTTTTTTTTTTTTTTT.....E.....TT....T~~~~
~~~TT.................TTTTTTTTTTTTTTTTTTTTTTTTTTTTTTTT...........TT...TT~~~~
~~~~TT................TTTTTT~~~~~TTTTTTTT~~~~~~TTTTTTT..........TTTT..T~~~~~
~~~~~TT.................T.T~~~~~~~~~~~~~~~~~~~~~TT.T............TTTTTT~~~~~~
~~~~~~TTTT................T~~~~~~~~~~~~~~~~~~~~~~T..............TTTTT~~~~~~~
~~~~~~~~~T........TT.......T~~~~~~~~~~~~~~~~~~~~T................TT~~~~~~~~~
~~~~~~~~~T......TTT~T.......T~~~~~~~~~~~~~~~~~~T.......TTTTTT.....T~~~~~~~~~
~~~~~~~~~T....T~~~~~~T.......TT~~~~~~~~~~~~~~TT......TT~~~~~~T....T~~~~~~~~~
~~~~T.T~T.....T~~~~~~~~T.......T~~~~~~~~~~~~T.......T~~~~~~~~T.....T.TT~~~~~
~~~TT.TTT....T~~~~~~~~~~.T......TT~~~~~~~~.T......TT~~~~~~~~~~T.......TT~~~~
~~TT.........T~~~~~~~~~~~~T.......TTTTTTTT.......T~~~~~~~~~~~~T........TT~~~
~~T.........T~~~~~~~~~~~~~~T.......TTTTTT.......T~~~~~~~~~~~~~~T........TT~~
~~T........T~~~~~~~~~~~~~~~~TT......TTTT.......T~~~~~~~~~~~~~~~T..........~~
~~T.........~~~~~~~~~~~~~~~~TT..................~~~~~~~~~~~~~~~T.........T~~
~~T.........~~~~~~~~~~~~~~~~T..................TT~~~~~~~~~~~~~~T.........T~~
~~.........T~~~~~~~~~~~~~~~TT...................T~~~~~~~~~~~~~~T..........~~
~~..$.......~~~~~~~~~~~~~~~TT.........o........TT~~~~~~~~~~~~~~T.......$..~~
~~.........T~~~~~~~~~~~~~~~~T..................T~~~~~~~~~~~~~~~T..........~~
~~T........T~~~~~~~~~~~~~~~~T.................T.~~~~~~~~~~~~~~~TT........T~~
~~T........T~~~~~~~~~~~~~~~~~T................T~~~~~~~~~~~~~~~~~T........T~~
~~T.........T~~~~~~~~~~~~~~~T..................T~~~~~~~~~~~~~~~T........TT~~
~~T..........T~~~~~~~~~~~~TT.......TT...T.......TT~~~~~~~~~~~~T........TT~~~
~~~TTT........T~~~~~~~~~TT.......TT~T...TTT.......TT~~~~~~~~~........T.T~~~~
~~~~~TTT~.....TTTTTTT~~T........T~~~T...T~~T........T~TT..TTTT....T.TT~~~~~~
~~~~~~~~T......TTTTTTTT.......TT~~~~T...T~~~TT.......TTT..........T~~~~~~~~~
~~~~~~~TT.......TTTT........TT~~~~~~T....~~~~~TT.......TT.........T~~~~~~~~~
~~~~~~TT.........TT........T~~~~TTTTT...TTTT~~~T........T.........TTT~~~~~~~
~~~~~............T.........TT~TTTTTTT.......TTTT.....................T~~~~~~
~~~~T........................TTTTTTTT................................TT~~~~~
~~~~T..........................TTTTT..................................T~~~~~
~~~~T.................................................................T~~~~~
~~~~T.................................o..............................TT~~~~~
~~~~TT.....$.....................................TTTTTTTT.......$...TT~~~~~~
~~~~~TT....................TTT...........TTTTTTTTTTTTTTT...........TT~~~~~~~
~~~~~~TTTT...T..........TTTT~~TTTTT.....TTTTTT~~TTTTTTT...........TT~~~~~~~~
~~~~~~~~TTTTTT.......TTT.~~~~~~~~~TTTTT.T.~~~~~~~TTTTT.......TT.TT~~~~~~~~~~
~~~~~~~~~~~T.TTT.T.TTT~~~~~~~~~~~~~~~~~~~~~~~~~~~~~~~TTTTTTTTT~~~~~~~~~~~~~~
~~~~~~~~~~~~~~~~~~~~~~~~~~~~~~~~~~~~~~~~~~~~~~~~~~~~~~~~~~~~~~~~~~~~~~~~~~~~
~~~~~~~~~~~~~~~~~~~~~~~~~~~~~~~~~~~~~~~~~~~~~~~~~~~~~~~~~~~~~~~~~~~~~~~~~~~~
~~~~~~~~~~~~~~~~~~~~~~~~~~~~~~~~~~~~~~~~~~~~~~~~~~~~~~~~~~~~~~~~~~~~~~~~~~~~
~~~~~~~~~~~~~~~~~~~~~~~~~~~~~~~~~~~~~~~~~~~~~~~~~~~~~~~~~~~~~~~~~~~~~~~~~~~~
