# Tideland Crossing — full board 72x50 (generated; mirror: none).
# Central gulf splits the top; cross via the southern land bridge.
# Regenerate: python3 tools/mapgen/sources/gen_tideland.py > tools/mapgen/sources/tideland-crossing.map
name: Tideland Crossing
tile: 64
mirror: none
gold_amount: 3000
map:
~~~~~~~~~~~~~~~~~~~~~~~~~~~~~~~~~~~~~~~~~~~~~~~~~~~~~~~~~~~~~~~~~~~~~~~~
~~~~~~~~~~~~~~~~~~~~~~~~~~~~~~~~~~~~~~~~~~~~~~~~~~~~~~~~~~~~~~~~~~~~~~~~
~~..T...............T......T~~~~~~~~~~~~~~~~......T...................~~
~~..........................~~~~~~~~~~~~~~~~..........................~~
~~....................T.....~~~~~~~~~~~~~~~~.T........................~~
~~...........................~~~~~~~~~~~~~~.T.........................~~
~~............$..............~~~~~~~~~~~~~~..............$............~~
~~....$......................~~~~~~~~~~~~~~......................$....~~
~~.....................T......~~~~~~~~~~~~....T.......................~~
~~........P........T......T...~~~~~~~~~~~~T......T...........E........~~
~~.......................T....~~~~~~~~~~~~......T.....................~~
~~............................~~~~~~~~~~~~............................~~
~~...T...............T......T..~~~~~~~~~~..........T..................~~
~~..T...............T......T...~~~~~~~~~~..T......T...................~~
~~.....T......................T~~~~~~~~~~............T................~~
~~....T......................T..~~~~~~~~............T.................~~
~~............T.................~~~~~~~~....T...............T......T..~~
~~.......T......................~~~~~~~~...............T..............~~
~~......T......................T.~~~~~~...............................~~
~~.........T.....................~~~~~~..................T............~~
~~.................T......T......~~~~~~...T......T....................~~
~~T...............T......T.......~~~~~~..T......T.....................~~
~~...........T....................~~~~.....................T..........~~
~~..........T.....................~~~~....................T...........~~
~~.....$............T......T......~~~~............T.............$.....~~
~~............................T...~~~~...............T................~~
~~...........................T.....~~...............T.................~~
~~...............T......T..........~~...T......T......................~~
~~..............................T..~~..................T..............~~
~~......T......................T...~~.................T...............~~
~~.........T......................T......................T............~~
~~........T......................T......................T.............~~
~~T...............T......T...............T......T.....................~~
~~...........T....................................................T...~~
~~....................................................................~~
~~....................T......................T...............T......T.~~
~~.....T......................T.....o.................................~~
~~....T......................T........................................~~
~~..............$.......T......................T.......$.......T......~~
~~.....................T......................T...............T.......~~
~~......T......................T......................................~~
~~.........T..........................................................~~
~~........T...........................................................~~
~~...T...............T......T......................T..................~~
~~...........T.............................................T......T...~~
~~..........T.......................o.................................~~
~~.............T......T......................T...............T......T.~~
~~............T.............................T...............T......T..~~
~~~~~~~~~~~~~~~~~~~~~~~~~~~~~~~~~~~~~~~~~~~~~~~~~~~~~~~~~~~~~~~~~~~~~~~~
~~~~~~~~~~~~~~~~~~~~~~~~~~~~~~~~~~~~~~~~~~~~~~~~~~~~~~~~~~~~~~~~~~~~~~~~
