# Tideland Crossing — full board 74x52 (generated; mirror: none).
# WC2 land map: forested continent cut by winding water channels; the
# central channel splits the top, cross via the southern land bridge.
# Regenerate: python3 tools/mapgen/sources/gen_tideland.py > tools/mapgen/sources/tideland-crossing.map
name: Tideland Crossing
tile: 64
mirror: none
gold_amount: 3000
map:
~~~~~~~~~~~~~~~~~~~~~~~~~~~~~~~~~~~~~~~~~~~~~~~~~~~~~~~~~~~~~~~~~~~~~~~~~~
~~~~~~~~~~~~~~~~~~~~~~~~~~~~~~~~~~~~~~~~~~~~~~~~~~~~~~~~~~~~~~~~~~~~~~~~~~
~~TTTTTTTTTT.............TTTTTTT~~~~~~~~~~~~~..TTTTTTTTTTTTTTTTTTTTTTTTT~~
~~TTTT....................TTTTTTT~~~~~~~~~~~~..TTTTTTTT.............TTTT~~
~~TTTT....................T.TTTT.~~~~~~~~~~~~.....T.TTT.............TTTT~~
~~.................TTTTTT.T.T.....~~~~~~~~~~~......TTTT................T~~
~~...............~~~~TTTTTT.......~~~~~~~~~~~.......~~~~...............T~~
~~...............~~~~TTTT.T.......~~~~~~~~~~........~~~~...............T~~
~~....$..........~~~TTTT.........~~~~~~~~~~~.........~~~...........$...T~~
~~..........P....~~TTTTT.........~~~~~~~~~~..........T~~.....E.........T~~
~~...............~~.............~~~~~~~~~~............~~................~~
~~..............~~.........$...~~~~~~~~~~.....$.......T~~...............~~
~~..............~~.............~~~~~~~~~TTT............~~~..............~~
~~............~~~~~............~~~~~~~~TTTT...........~~~~~.........T...~~
~~..........~~~~~~~...........~~~~~~~~~TTTT...........~~~~~~~.......T...~~
~~..........~~~~~~~......TTTTTT~~~~~~~~TTTTTT.........~~~~~~~.......T...~~
~~....TTTTT~~~~~~~~......TTTTTT~~~~~~~~TTTTTT.........~~~~~~~~TTTTTTT...~~
~~....TTTTTT~~~~~~........TTTTT~~~~~~~~TTTTTT..........~~~~~~TTTTTTTT...~~
~~....TTTTTTTTTTTTT.......TTTT.T~~~~~~~TTTTTTT.............TTTTTTTTTT...~~
~~....TTTTTTTTTTTTTTTT.T.T.......~~~~~~~TTTTT...............TTTTTTTTTTTT~~
~~...TTTTTTTTTTTTTTTTTTTT.........~~~~~~~TTTTTTTTT..........TTTTTTTTTT.T~~
~~....TTTTTTTTTTTTTTTTTTTT.........~~~~~~TTTTTTTT.T.........TTTTTTTTTTTT~~
~~....TTTTTTTTTTTTTTTTTTTT..........~~~~~~TTTTTT............TTTTTTTTTTTT~~
~~....TTTTTTTTTTTTTTTTTTTT.TTT......~~~~~~T.TTT.............TTTTTTTTTTTT~~
~~.....TTTTTTTTT~~~TTTTTTTTTTTT......~~~~~T...........~~~T...TT.TTTTTTTT~~
~~.....TTTTTTTTT~~~~TTTTTTTTTTT......~~~~~...........~~~~TT........TTTTT~~
~~....TTTTTTTTTT~~~~~TTTTTTTTTTT.....~~~~...........~~~~~TT.........TTTT~~
~~.........TTTTT~~~~~~TTTTTTTTTT.....~~~~..........~~~~~~TTT..........TT~~
~~.........TTTT~~~~~~~~TTTTTTTTT..................~~~~~~~~TT..........TT~~
~~.........TTTT~~~~~~~TTTTTTTTTT...................~~~~~~~TT..........TT~~
~~.....$...TTTTT~~~~~~TTTTTTTTTT.....o.............~~~~~~TTT......$...TT~~
~~.T.......TTTTT~~~~~TTTTTTTTTTTT.~.................~~~~~TTT..........TT~~
~~T........TTT~~~~~~~~~~TTTTTTTTT.~......~~~~~~~~...T~~~~TTT.....~~~~~~~~~
~~T........T~~~~~~~~~~~~~~~TTTTTT~~~.....~~~~~~~~~~~TT~~~TTT..~~~~~~~~~~~~
~~~~~~~~~~~~~~~~~~~~~~~~~~~~~~~~~~~~....T~~~~~~~~~~~~~~~~~~~~~~~~~~~~~~~~~
~~~~~~~~~~~~~~T~~T......~~~~~~~~~~~~....TTTTTTTTT~~~~~~~~~~~~~~~~.TTTTT.~~
~~~~~~~~~~~~TTT~~TT.....TTT~~~~~~~~~~...TTTTTTTTTTTT~~~~~~~~~~T....TTTTT~~
~~..TTTTTTTTTT~~~T......TTTTTTTTTT~~~...TTTTTTTT.TT..TTT~~~TTTTTTTTTTTTT~~
~~..TTTTTTTTTTTTTT.......TTTTTTTTT......TTTTTT........T....TTTTTTTTTTTT.~~
~~..TTTTTTTTTTTTT.........TTTTTT........TTTTTT..............TTTTTTTTT...~~
~~..TTTTTTTTTTTTT..........TTT..........TTTTTTT............TTTTTTTTTTT..~~
~~..TTTTTTTTTTTTT.......................TTTTTT..............TTTTTTTT....~~
~~..TTTTTT..............................TTTTTT..................TTTT....~~
~~..TTTTTT..............................TTTTTT..................TTTT....~~
~~...TTTTT.....~~~~......................TTTT.........~~~~~.....TTTT....~~
~~...TTTTT...$..~~~.........................T.........~~~...$...TTT.....~~
~~...TTTTT.......~~...................................~~........TTT.....~~
~~...TTTTT.......~~..................o................~~........TTT.....~~
~~...TTTTT.......T~.............T.....................~.T.......TT......~~
~~..TTTTTTTTTTTTT~~~.............T...................~~~TTTTTTTTTTT.....~~
~~~~~~~~~~~~~~~~~~~~~~~~~~~~~~~~~~~~~~~~~~~~~~~~~~~~~~~~~~~~~~~~~~~~~~~~~~
~~~~~~~~~~~~~~~~~~~~~~~~~~~~~~~~~~~~~~~~~~~~~~~~~~~~~~~~~~~~~~~~~~~~~~~~~~
