# Tideland Crossing — full board 64x40 (generated; mirror: none).
# Regenerate: python3 tools/mapgen/sources/gen_tideland.py > tools/mapgen/sources/tideland-crossing.map
name: Tideland Crossing
tile: 64
mirror: none
gold_amount: 3000
map:
~~~~~~~~~~~~~~~~~~~~~~~~~~~~~~~~~~~~~~~~~~~~~~~~~~~~~~~~~~~~~~~~
~~~~~~~~~~~~~~~~~~~~~~~~~~~~~~~~~~~~~~~~~~~~~~~~~~~~~~~~~~~~~~~~
~~~~~~~~~~~~~~~~~~~~~~~~~~~~~~~~~~~~~~~~~~~~~~~~~~~~~~~~~~~~~~~~
~~~~~~~~~TTT....T.~~~~~~~~~...~~~~...~~~~~~~~~.T....TTT~~~~~~~~~
~~~~~~~.T..$.....TTT.~~~~~T..........T~~~~~.TTT.....$..T.~~~~~~~
~~~~~.................~~~TT.....o....TT~~~.................~~~~~
~~~~TT...............T.~~..............~~.T...............TT~~~~
~~~~T.................T..................T.................T~~~~
~~~~T........P.......TTTTT............TTTTT.......E........T~~~~
~~~~T...............TTTTTTT..........TTTTTTT...............T~~~~
~~~~TT.............TTTTTTTT..........TTTTTTTT.............TT~~~~
~~~~~..............TTTTTTTT....TT....TTTTTTTT..............~~~~~
~~~~~~~.T..........TTTTTTTT....TT....TTTTTTTT..........T.~~~~~~~
~~~~~~~~T.......TT..TTTTTT.....TT.....TTTTTT..TT.......T~~~~~~~~
~~~~~~~.T......~~.T............TT............T.~~......T.~~~~~~~
~~TT...........~~~TT...T................T...TT~~~...........TT~~
~TT............~~~~~~~~..................~~~~~~~~............TT~
T...........TT~~~~~~~~~..................~~~~~~~~~TT...........T
T...........T~~~~~~~~~~..................~~~~~~~~~~T...........T
T...........~~~~~~~~~~~..................~~~~~~~~~~~...........T
T...$.......~~~~~~~~~~~..................~~~~~~~~~~~.......$...T
T...........~~~T....T~~..................~~T....T~~~...........T
............~~........~T.......TT.......T~........~~............
.T.........T~.........~T.......TT.......T~.........~T.........T.
~T.........T..........~T.......TT.......T~..........T.........T~
~~TT..................~T.......TT.......T~..................TT~~
~~~~~..................~T......TT......T~..................~~~~~
~~~~TT................T..................T................TT~~~~
~~~.T......................................................T.~~~
~~~........$....................o...................$........~~~
~~~.T.........................T..T.........................T.~~~
~~~~T....................~.TTTT~~TTTT.~....................T~~~~
~~~~.T................T.~~~~~~~~~~~~~~~~.T................T.~~~~
~~~~~............TT....~~~~~~~~~~~~~~~~~~....TT............~~~~~
~~~~~~~.TTTT....TT~~~~~~~~~~~~~~~~~~~~~~~~~~~~TT....TTTT.~~~~~~~
~~~~~~~~~~~~~~~~~~~~~~~~~~~~~~~~~~~~~~~~~~~~~~~~~~~~~~~~~~~~~~~~
~~~~~~~~~~~~~~~~~~~~~~~~~~~~~~~~~~~~~~~~~~~~~~~~~~~~~~~~~~~~~~~~
~~~~~~~~~~~~~~~~~~~~~~~~~~~~~~~~~~~~~~~~~~~~~~~~~~~~~~~~~~~~~~~~
~~~~~~~~~~~~~~~~~~~~~~~~~~~~~~~~~~~~~~~~~~~~~~~~~~~~~~~~~~~~~~~~
~~~~~~~~~~~~~~~~~~~~~~~~~~~~~~~~~~~~~~~~~~~~~~~~~~~~~~~~~~~~~~~~
