# Twin Fords — a symmetric 1v1 demo map.
# Author the LEFT half only; `mirror: horizontal` reflects it into a full
# 48x30 board (player on the left, enemy mirrored on the right).
#
# Glyphs:  ~ water   . grass   ^ highland   T forest   P start   $ gold
name: Twin Fords
tile: 64
mirror: horizontal
gold_amount: 2800
map:
~~..TTTT............TTTT
~...T...............T...
....................$...
........................
........................
....$...................
........................
........................
..........^^^^..........
..........^^^^..........
............^^..........
........................
....P...................
........................
..................^^^...
..................^$^...
..................^^^...
........................
....$...................
........................
........................
..........^^^^..........
..........^^^^..........
........................
....................$...
........................
~...T...............T...
~~..TTT.............T...
~~..TTTT...........TTTT.
~~~~TTTT...........TTTT.
